// Jest Snapshot v1, https://goo.gl/fbAQLP

exports[`renders correctly 1`] = `
<spinner__SpinnerWrapper>
  Loading...
</spinner__SpinnerWrapper>
`;
